EStateM.Result.ok 0
EStateM.Result.ok (ByteArray #[0, 1, 2])
EStateM.Result.ok 0
ByteArray #[67, 1, 2, 3]
Except.ok (Ipld.bytes [1, 2, 3])
true
true
true
true
true
true
true
true
true
true
true
true
true
true
true
true
true
true
true
true
true
true
true
true
true
true
true
true
true
true
true
true
true
true
true
ByteArray #[216, 42, 88, 37, 0, 1, 113, 22, 32, 69, 122, 165, 228, 28, 115, 252, 178, 178, 165, 119, 247, 73, 0, 207, 105, 172, 208, 72, 59, 220, 98, 86, 108, 23, 111, 21, 55, 76, 252, 185, 161]
true
true
Except.ok (Ipld.link bafyrmicfpks6ihdt7szlfjlx65eqbt3jvtieqo64mjlgyf3pcu3uz7fzue)
[]
