true
true
true
[255, 1]
true
false
true
true
true
true
true
[]
